// Jest Snapshot v1, https://goo.gl/fbAQLP

exports[`Prueba de <GiftItem /> debe hacer match con el snapshot 1`] = `
<div>
  <div
    class="card"
  >
    <img
      alt="HxH"
      src="https://media0.giphy.com/media/2y98KScHKeaQM/giphy.gif"
    />
    <p>
      HxH
    </p>
  </div>
</div>
`;
